Halo dari BM!